RegistrationBlocked
RegistrationBlocked
EventAlreadyExists
EventAlreadyExists
a closed event 1/1/2000

a custom event 1/1/2000

an open event 1/1/2000

an open event 2/1/2000

an open event 4/1/2000

