an exception has occurred
EventDoesNotExist
InvalidStudent
EventDoesNotExist
EventDoesNotExist
InvalidStudent
an open event 2/1/2000

an open event 5/1/2000

an open event 8/1/2000

an open event 11/1/2000

an open event 14/1/2000

